<?xml version="1.0" encoding="UTF-8"?>
<testsuite failures="1" tests="2" errors="0" name="testRobot" skip="0">
<testcase classname="testRobot" name="ZEP01 Validate that when automation test failed the Zehpyr test should show Fail status." time="0">
<failure message="No keyword with name 'Get Current User' found." type="AssertionError"></failure>
</testcase>
<testcase classname="testRobot" name="ZEP02 Validate that when automation test Passed the Zehpyr test should show Pass status." time="0">
</testcase>
</testsuite>
